# Synospys Constraint Checker(syntax only), version maprc, Build 1352R, built Nov 27 2012
# Copyright (C) 1994-2012, Synopsys, Inc. This software the associated documentation are confidential and proprietary to Synopsys, Inc. Your use or disclosure of this software subject to the terms and conditions of a written license agreement between you, or your company, and Synopsys, Inc.

# Written on Sat Feb 01 17:37:51 2014


##### DESIGN INFO #######################################################

Top View:                "f3_alu"
Constraint File(s):      (none)

#Run constraint checker to find more issues with constraints.
#########################################################################



No issues found in constraint syntax.



Clock Summary
**************

Start          Requested     Requested     Clock        Clock                
Clock          Frequency     Period        Type         Group                
-----------------------------------------------------------------------------
f3_alu|clk     658.2 MHz     1.519         inferred     Autoconstr_clkgroup_0
=============================================================================
